src/components/Contact.tsx(2,37): error TS6133: 'ExternalLink' is declared but its value is never read.
src/components/Portfolio.tsx(3,32): error TS6133: 'Filter' is declared but its value is never read.
src/components/Portfolio.tsx(92,45): error TS6133: 'idx' is declared but its value is never read.
